// Jest Snapshot v1, https://goo.gl/fbAQLP

exports[`<Button/> renders correctly 1`] = `
<View
  accessibilityState={
    Object {
      "disabled": false,
    }
  }
  accessible={true}
  collapsable={false}
  focusable={false}
  onClick={[Function]}
  onResponderGrant={[Function]}
  onResponderMove={[Function]}
  onResponderRelease={[Function]}
  onResponderTerminate={[Function]}
  onResponderTerminationRequest={[Function]}
  onStartShouldSetResponder={[Function]}
  style={
    Object {
      "alignItems": "center",
      "backgroundColor": "#F75843",
      "borderRadius": 5,
      "flexDirection": "row",
      "justifyContent": "center",
      "opacity": 1,
      "paddingHorizontal": 15,
      "paddingVertical": 12,
    }
  }
>
  <Text
    style={
      Array [
        Object {
          "color": "#ffffff",
          "fontSize": 15,
        },
      ]
    }
  />
</View>
`;
